Traceback (most recent call last):
  File "/Users/tl18aac/Library/Python/3.9/lib/python/site-packages/jupyter_cache/executors/utils.py", line 58, in single_nb_execution
    executenb(
  File "/Users/tl18aac/Library/Python/3.9/lib/python/site-packages/nbclient/client.py", line 1314, in execute
    return NotebookClient(nb=nb, resources=resources, km=km, **kwargs).execute()
  File "/Users/tl18aac/Library/Python/3.9/lib/python/site-packages/jupyter_core/utils/__init__.py", line 165, in wrapped
    return loop.run_until_complete(inner)
  File "/Library/Developer/CommandLineTools/Library/Frameworks/Python3.framework/Versions/3.9/lib/python3.9/asyncio/base_events.py", line 642, in run_until_complete
    return future.result()
  File "/Users/tl18aac/Library/Python/3.9/lib/python/site-packages/nbclient/client.py", line 709, in async_execute
    await self.async_execute_cell(
  File "/Users/tl18aac/Library/Python/3.9/lib/python/site-packages/nbclient/client.py", line 1062, in async_execute_cell
    await self._check_raise_for_error(cell, cell_index, exec_reply)
  File "/Users/tl18aac/Library/Python/3.9/lib/python/site-packages/nbclient/client.py", line 918, in _check_raise_for_error
    raise CellExecutionError.from_cell_and_msg(cell, exec_reply_content)
nbclient.exceptions.CellExecutionError: An error occurred while executing the following cell:
------------------
import matplotlib.pyplot as plt
import numpy as np
from matplotlib.patches import Polygon

pts = np.array([[0,1], [1,0], [0,-1],[-1,0]])
p = Polygon(pts, closed=True)
ax = plt.gca()
ax.set_aspect('equal', 'box')
ax.grid()
ax.add_patch(p)
ax.set_xlim(-1.5,1.5)
ax.set_ylim(-1.5,1.5)
ax.set_xlabel('x')
ax.set_ylabel('y')
ax.annotate("$x_2=(0,1)$", xy=(0, 1), xytext=(0.25, 1.25),
            arrowprops=dict(arrowstyle="->"))
ax.annotate("$x_1=(1,0)$", xy=(1,0), xytext=(1.25, 0.25),
            arrowprops=dict(arrowstyle="->"))
ax.annotate("$x_3=(-1,0)$", xy=(-1,0), xytext=(-1.5, -0.5),
            arrowprops=dict(arrowstyle="->"))
ax.annotate("$x_4=(0,-1)$", xy=(0,-1), xytext=(0.25, -1.25),
            arrowprops=dict(arrowstyle="->"))
plt.show()

------------------


[0;31m---------------------------------------------------------------------------[0m
[0;31mModuleNotFoundError[0m                       Traceback (most recent call last)
Cell [0;32mIn[2], line 1[0m
[0;32m----> 1[0m [38;5;28;01mimport[39;00m [38;5;21;01mmatplotlib[39;00m[38;5;21;01m.[39;00m[38;5;21;01mpyplot[39;00m [38;5;28;01mas[39;00m [38;5;21;01mplt[39;00m
[1;32m      2[0m [38;5;28;01mimport[39;00m [38;5;21;01mnumpy[39;00m [38;5;28;01mas[39;00m [38;5;21;01mnp[39;00m
[1;32m      3[0m [38;5;28;01mfrom[39;00m [38;5;21;01mmatplotlib[39;00m[38;5;21;01m.[39;00m[38;5;21;01mpatches[39;00m [38;5;28;01mimport[39;00m Polygon

[0;31mModuleNotFoundError[0m: No module named 'matplotlib'

